// Jest Snapshot v1, https://goo.gl/fbAQLP

exports[`Requests test renders correctly 1`] = `
<body>
  <div>
    <div
      class="requestMain MuiBox-root css-0"
    >
      <div
        class="MuiPaper-root MuiPaper-elevation MuiPaper-rounded MuiPaper-elevation2 table css-1mbunh-MuiPaper-root"
      >
        <div
          class="MuiTableContainer-root css-rorn0c-MuiTableContainer-root"
        >
          <table
            aria-label="sticky table"
            class="MuiTable-root MuiTable-stickyHeader css-11xs1i5-MuiTable-root"
          >
            <thead
              class="MuiTableHead-root css-15wwp11-MuiTableHead-root"
            >
              <tr
                class="MuiTableRow-root MuiTableRow-head css-1q1u3t4-MuiTableRow-root"
              >
                <th
                  class="MuiTableCell-root MuiTableCell-head MuiTableCell-stickyHeader MuiTableCell-sizeMedium tableHeader css-y8ay40-MuiTableCell-root"
                  scope="col"
                >
                  Employee
                </th>
                <th
                  class="MuiTableCell-root MuiTableCell-head MuiTableCell-stickyHeader MuiTableCell-sizeMedium tableHeader css-y8ay40-MuiTableCell-root"
                  scope="col"
                >
                  Project Code
                </th>
                <th
                  class="MuiTableCell-root MuiTableCell-head MuiTableCell-stickyHeader MuiTableCell-sizeMedium tableHeader css-y8ay40-MuiTableCell-root"
                  scope="col"
                >
                  Pickup
                </th>
                <th
                  class="MuiTableCell-root MuiTableCell-head MuiTableCell-stickyHeader MuiTableCell-sizeMedium tableHeader css-y8ay40-MuiTableCell-root"
                  scope="col"
                >
                  Drop
                </th>
                <th
                  class="MuiTableCell-root MuiTableCell-head MuiTableCell-stickyHeader MuiTableCell-sizeMedium tableHeader css-y8ay40-MuiTableCell-root"
                  scope="col"
                >
                  Pickup Time
                </th>
                <th
                  class="MuiTableCell-root MuiTableCell-head MuiTableCell-stickyHeader MuiTableCell-sizeMedium tableHeader css-y8ay40-MuiTableCell-root"
                  scope="col"
                >
                  Status
                </th>
                <th
                  class="MuiTableCell-root MuiTableCell-head MuiTableCell-stickyHeader MuiTableCell-sizeMedium tableHeader css-y8ay40-MuiTableCell-root"
                  scope="col"
                >
                  Action
                </th>
              </tr>
            </thead>
            <tbody
              class="MuiTableBody-root tableBody css-apqrd9-MuiTableBody-root"
            >
              <tr
                class="MuiTableRow-root MuiTableRow-hover tableRows css-1q1u3t4-MuiTableRow-root"
              >
                <td
                  class="MuiTableCell-root MuiTableCell-body MuiTableCell-sizeMedium tableCell css-1ex1afd-MuiTableCell-root"
                >
                  Renu
                </td>
                <td
                  class="MuiTableCell-root MuiTableCell-body MuiTableCell-sizeMedium tableCell css-1ex1afd-MuiTableCell-root"
                >
                  hpb
                </td>
                <td
                  class="MuiTableCell-root MuiTableCell-body MuiTableCell-sizeMedium tableCell css-1ex1afd-MuiTableCell-root"
                >
                  42 metro
                </td>
                <td
                  class="MuiTableCell-root MuiTableCell-body MuiTableCell-sizeMedium tableCell css-1ex1afd-MuiTableCell-root"
                >
                  55-56 metro
                </td>
                <td
                  class="MuiTableCell-root MuiTableCell-body MuiTableCell-sizeMedium tableCell css-1ex1afd-MuiTableCell-root"
                >
                  9:30
                </td>
                <td
                  class="MuiTableCell-root MuiTableCell-body MuiTableCell-alignLeft MuiTableCell-sizeMedium chip css-1ex1afd-MuiTableCell-root"
                >
                  <div
                    class="MuiChip-root MuiChip-filled MuiChip-sizeSmall MuiChip-colorPrimary MuiChip-filledPrimary css-174hymm-MuiChip-root"
                  >
                    <span
                      class="MuiChip-label MuiChip-labelSmall css-wjsjww-MuiChip-label"
                    >
                      Approved
                    </span>
                  </div>
                </td>
                <td
                  class="MuiTableCell-root MuiTableCell-body MuiTableCell-alignJustify MuiTableCell-sizeMedium css-90oupa-MuiTableCell-root"
                >
                  <button
                    aria-label="Example"
                    class="MuiButtonBase-root MuiIconButton-root MuiIconButton-sizeMedium css-78trlr-MuiButtonBase-root-MuiIconButton-root"
                    tabindex="0"
                    type="button"
                  >
                    <svg
                      aria-hidden="true"
                      class="svg-inline--fa fa-ellipsis-vertical "
                      data-icon="ellipsis-vertical"
                      data-prefix="fas"
                      focusable="false"
                      role="img"
                      viewBox="0 0 128 512"
                      xmlns="http://www.w3.org/2000/svg"
                    >
                      <path
                        d="M64 360a56 56 0 1 0 0 112 56 56 0 1 0 0-112zm0-160a56 56 0 1 0 0 112 56 56 0 1 0 0-112zM120 96A56 56 0 1 0 8 96a56 56 0 1 0 112 0z"
                        fill="currentColor"
                      />
                    </svg>
                    <span
                      class="MuiTouchRipple-root css-8je8zh-MuiTouchRipple-root"
                    />
                  </button>
                </td>
              </tr>
              <tr
                class="MuiTableRow-root MuiTableRow-hover tableRows css-1q1u3t4-MuiTableRow-root"
              >
                <td
                  class="MuiTableCell-root MuiTableCell-body MuiTableCell-sizeMedium tableCell css-1ex1afd-MuiTableCell-root"
                >
                  Sumit
                </td>
                <td
                  class="MuiTableCell-root MuiTableCell-body MuiTableCell-sizeMedium tableCell css-1ex1afd-MuiTableCell-root"
                >
                  hpb
                </td>
                <td
                  class="MuiTableCell-root MuiTableCell-body MuiTableCell-sizeMedium tableCell css-1ex1afd-MuiTableCell-root"
                >
                  42 metro
                </td>
                <td
                  class="MuiTableCell-root MuiTableCell-body MuiTableCell-sizeMedium tableCell css-1ex1afd-MuiTableCell-root"
                >
                  55-56 metro
                </td>
                <td
                  class="MuiTableCell-root MuiTableCell-body MuiTableCell-sizeMedium tableCell css-1ex1afd-MuiTableCell-root"
                >
                  9:30
                </td>
                <td
                  class="MuiTableCell-root MuiTableCell-body MuiTableCell-alignLeft MuiTableCell-sizeMedium chip css-1ex1afd-MuiTableCell-root"
                >
                  <div
                    class="MuiChip-root MuiChip-filled MuiChip-sizeSmall MuiChip-colorPrimary MuiChip-filledPrimary css-174hymm-MuiChip-root"
                  >
                    <span
                      class="MuiChip-label MuiChip-labelSmall css-wjsjww-MuiChip-label"
                    >
                      Approved
                    </span>
                  </div>
                </td>
                <td
                  class="MuiTableCell-root MuiTableCell-body MuiTableCell-alignJustify MuiTableCell-sizeMedium css-90oupa-MuiTableCell-root"
                >
                  <button
                    aria-label="Example"
                    class="MuiButtonBase-root MuiIconButton-root MuiIconButton-sizeMedium css-78trlr-MuiButtonBase-root-MuiIconButton-root"
                    tabindex="0"
                    type="button"
                  >
                    <svg
                      aria-hidden="true"
                      class="svg-inline--fa fa-ellipsis-vertical "
                      data-icon="ellipsis-vertical"
                      data-prefix="fas"
                      focusable="false"
                      role="img"
                      viewBox="0 0 128 512"
                      xmlns="http://www.w3.org/2000/svg"
                    >
                      <path
                        d="M64 360a56 56 0 1 0 0 112 56 56 0 1 0 0-112zm0-160a56 56 0 1 0 0 112 56 56 0 1 0 0-112zM120 96A56 56 0 1 0 8 96a56 56 0 1 0 112 0z"
                        fill="currentColor"
                      />
                    </svg>
                    <span
                      class="MuiTouchRipple-root css-8je8zh-MuiTouchRipple-root"
                    />
                  </button>
                </td>
              </tr>
              <tr
                class="MuiTableRow-root MuiTableRow-hover tableRows css-1q1u3t4-MuiTableRow-root"
              >
                <td
                  class="MuiTableCell-root MuiTableCell-body MuiTableCell-sizeMedium tableCell css-1ex1afd-MuiTableCell-root"
                >
                  Renu
                </td>
                <td
                  class="MuiTableCell-root MuiTableCell-body MuiTableCell-sizeMedium tableCell css-1ex1afd-MuiTableCell-root"
                >
                  hpb
                </td>
                <td
                  class="MuiTableCell-root MuiTableCell-body MuiTableCell-sizeMedium tableCell css-1ex1afd-MuiTableCell-root"
                >
                  42 metro
                </td>
                <td
                  class="MuiTableCell-root MuiTableCell-body MuiTableCell-sizeMedium tableCell css-1ex1afd-MuiTableCell-root"
                >
                  55-56 metro
                </td>
                <td
                  class="MuiTableCell-root MuiTableCell-body MuiTableCell-sizeMedium tableCell css-1ex1afd-MuiTableCell-root"
                >
                  9:30
                </td>
                <td
                  class="MuiTableCell-root MuiTableCell-body MuiTableCell-alignLeft MuiTableCell-sizeMedium chip css-1ex1afd-MuiTableCell-root"
                >
                  <div
                    class="MuiChip-root MuiChip-filled MuiChip-sizeSmall MuiChip-colorPrimary MuiChip-filledPrimary css-174hymm-MuiChip-root"
                  >
                    <span
                      class="MuiChip-label MuiChip-labelSmall css-wjsjww-MuiChip-label"
                    >
                      Approved
                    </span>
                  </div>
                </td>
                <td
                  class="MuiTableCell-root MuiTableCell-body MuiTableCell-alignJustify MuiTableCell-sizeMedium css-90oupa-MuiTableCell-root"
                >
                  <button
                    aria-label="Example"
                    class="MuiButtonBase-root MuiIconButton-root MuiIconButton-sizeMedium css-78trlr-MuiButtonBase-root-MuiIconButton-root"
                    tabindex="0"
                    type="button"
                  >
                    <svg
                      aria-hidden="true"
                      class="svg-inline--fa fa-ellipsis-vertical "
                      data-icon="ellipsis-vertical"
                      data-prefix="fas"
                      focusable="false"
                      role="img"
                      viewBox="0 0 128 512"
                      xmlns="http://www.w3.org/2000/svg"
                    >
                      <path
                        d="M64 360a56 56 0 1 0 0 112 56 56 0 1 0 0-112zm0-160a56 56 0 1 0 0 112 56 56 0 1 0 0-112zM120 96A56 56 0 1 0 8 96a56 56 0 1 0 112 0z"
                        fill="currentColor"
                      />
                    </svg>
                    <span
                      class="MuiTouchRipple-root css-8je8zh-MuiTouchRipple-root"
                    />
                  </button>
                </td>
              </tr>
              <tr
                class="MuiTableRow-root MuiTableRow-hover tableRows css-1q1u3t4-MuiTableRow-root"
              >
                <td
                  class="MuiTableCell-root MuiTableCell-body MuiTableCell-sizeMedium tableCell css-1ex1afd-MuiTableCell-root"
                >
                  Sumit
                </td>
                <td
                  class="MuiTableCell-root MuiTableCell-body MuiTableCell-sizeMedium tableCell css-1ex1afd-MuiTableCell-root"
                >
                  hpb
                </td>
                <td
                  class="MuiTableCell-root MuiTableCell-body MuiTableCell-sizeMedium tableCell css-1ex1afd-MuiTableCell-root"
                >
                  42 metro
                </td>
                <td
                  class="MuiTableCell-root MuiTableCell-body MuiTableCell-sizeMedium tableCell css-1ex1afd-MuiTableCell-root"
                >
                  55-56 metro
                </td>
                <td
                  class="MuiTableCell-root MuiTableCell-body MuiTableCell-sizeMedium tableCell css-1ex1afd-MuiTableCell-root"
                >
                  9:30
                </td>
                <td
                  class="MuiTableCell-root MuiTableCell-body MuiTableCell-alignLeft MuiTableCell-sizeMedium chip css-1ex1afd-MuiTableCell-root"
                >
                  <div
                    class="MuiChip-root MuiChip-filled MuiChip-sizeSmall MuiChip-colorError MuiChip-filledError css-lwe8th-MuiChip-root"
                  >
                    <span
                      class="MuiChip-label MuiChip-labelSmall css-wjsjww-MuiChip-label"
                    >
                      Rejected
                    </span>
                  </div>
                </td>
                <td
                  class="MuiTableCell-root MuiTableCell-body MuiTableCell-alignJustify MuiTableCell-sizeMedium css-90oupa-MuiTableCell-root"
                >
                  <button
                    aria-label="Example"
                    class="MuiButtonBase-root MuiIconButton-root MuiIconButton-sizeMedium css-78trlr-MuiButtonBase-root-MuiIconButton-root"
                    tabindex="0"
                    type="button"
                  >
                    <svg
                      aria-hidden="true"
                      class="svg-inline--fa fa-ellipsis-vertical "
                      data-icon="ellipsis-vertical"
                      data-prefix="fas"
                      focusable="false"
                      role="img"
                      viewBox="0 0 128 512"
                      xmlns="http://www.w3.org/2000/svg"
                    >
                      <path
                        d="M64 360a56 56 0 1 0 0 112 56 56 0 1 0 0-112zm0-160a56 56 0 1 0 0 112 56 56 0 1 0 0-112zM120 96A56 56 0 1 0 8 96a56 56 0 1 0 112 0z"
                        fill="currentColor"
                      />
                    </svg>
                    <span
                      class="MuiTouchRipple-root css-8je8zh-MuiTouchRipple-root"
                    />
                  </button>
                </td>
              </tr>
              <tr
                class="MuiTableRow-root MuiTableRow-hover tableRows css-1q1u3t4-MuiTableRow-root"
              >
                <td
                  class="MuiTableCell-root MuiTableCell-body MuiTableCell-sizeMedium tableCell css-1ex1afd-MuiTableCell-root"
                >
                  Garima
                </td>
                <td
                  class="MuiTableCell-root MuiTableCell-body MuiTableCell-sizeMedium tableCell css-1ex1afd-MuiTableCell-root"
                >
                  hpb
                </td>
                <td
                  class="MuiTableCell-root MuiTableCell-body MuiTableCell-sizeMedium tableCell css-1ex1afd-MuiTableCell-root"
                >
                  42 metro
                </td>
                <td
                  class="MuiTableCell-root MuiTableCell-body MuiTableCell-sizeMedium tableCell css-1ex1afd-MuiTableCell-root"
                >
                  55-56 metro
                </td>
                <td
                  class="MuiTableCell-root MuiTableCell-body MuiTableCell-sizeMedium tableCell css-1ex1afd-MuiTableCell-root"
                >
                  9:30
                </td>
                <td
                  class="MuiTableCell-root MuiTableCell-body MuiTableCell-alignLeft MuiTableCell-sizeMedium chip css-1ex1afd-MuiTableCell-root"
                >
                  <div
                    class="MuiChip-root MuiChip-filled MuiChip-sizeSmall MuiChip-colorPrimary MuiChip-filledPrimary css-174hymm-MuiChip-root"
                  >
                    <span
                      class="MuiChip-label MuiChip-labelSmall css-wjsjww-MuiChip-label"
                    >
                      Approved
                    </span>
                  </div>
                </td>
                <td
                  class="MuiTableCell-root MuiTableCell-body MuiTableCell-alignJustify MuiTableCell-sizeMedium css-90oupa-MuiTableCell-root"
                >
                  <button
                    aria-label="Example"
                    class="MuiButtonBase-root MuiIconButton-root MuiIconButton-sizeMedium css-78trlr-MuiButtonBase-root-MuiIconButton-root"
                    tabindex="0"
                    type="button"
                  >
                    <svg
                      aria-hidden="true"
                      class="svg-inline--fa fa-ellipsis-vertical "
                      data-icon="ellipsis-vertical"
                      data-prefix="fas"
                      focusable="false"
                      role="img"
                      viewBox="0 0 128 512"
                      xmlns="http://www.w3.org/2000/svg"
                    >
                      <path
                        d="M64 360a56 56 0 1 0 0 112 56 56 0 1 0 0-112zm0-160a56 56 0 1 0 0 112 56 56 0 1 0 0-112zM120 96A56 56 0 1 0 8 96a56 56 0 1 0 112 0z"
                        fill="currentColor"
                      />
                    </svg>
                    <span
                      class="MuiTouchRipple-root css-8je8zh-MuiTouchRipple-root"
                    />
                  </button>
                </td>
              </tr>
              <tr
                class="MuiTableRow-root MuiTableRow-hover tableRows css-1q1u3t4-MuiTableRow-root"
              >
                <td
                  class="MuiTableCell-root MuiTableCell-body MuiTableCell-sizeMedium tableCell css-1ex1afd-MuiTableCell-root"
                >
                  Garima
                </td>
                <td
                  class="MuiTableCell-root MuiTableCell-body MuiTableCell-sizeMedium tableCell css-1ex1afd-MuiTableCell-root"
                >
                  hpb
                </td>
                <td
                  class="MuiTableCell-root MuiTableCell-body MuiTableCell-sizeMedium tableCell css-1ex1afd-MuiTableCell-root"
                >
                  42 metro
                </td>
                <td
                  class="MuiTableCell-root MuiTableCell-body MuiTableCell-sizeMedium tableCell css-1ex1afd-MuiTableCell-root"
                >
                  55-56 metro
                </td>
                <td
                  class="MuiTableCell-root MuiTableCell-body MuiTableCell-sizeMedium tableCell css-1ex1afd-MuiTableCell-root"
                >
                  9:30
                </td>
                <td
                  class="MuiTableCell-root MuiTableCell-body MuiTableCell-alignLeft MuiTableCell-sizeMedium chip css-1ex1afd-MuiTableCell-root"
                >
                  <div
                    class="MuiChip-root MuiChip-filled MuiChip-sizeSmall MuiChip-colorPrimary MuiChip-filledPrimary css-174hymm-MuiChip-root"
                  >
                    <span
                      class="MuiChip-label MuiChip-labelSmall css-wjsjww-MuiChip-label"
                    >
                      Approved
                    </span>
                  </div>
                </td>
                <td
                  class="MuiTableCell-root MuiTableCell-body MuiTableCell-alignJustify MuiTableCell-sizeMedium css-90oupa-MuiTableCell-root"
                >
                  <button
                    aria-label="Example"
                    class="MuiButtonBase-root MuiIconButton-root MuiIconButton-sizeMedium css-78trlr-MuiButtonBase-root-MuiIconButton-root"
                    tabindex="0"
                    type="button"
                  >
                    <svg
                      aria-hidden="true"
                      class="svg-inline--fa fa-ellipsis-vertical "
                      data-icon="ellipsis-vertical"
                      data-prefix="fas"
                      focusable="false"
                      role="img"
                      viewBox="0 0 128 512"
                      xmlns="http://www.w3.org/2000/svg"
                    >
                      <path
                        d="M64 360a56 56 0 1 0 0 112 56 56 0 1 0 0-112zm0-160a56 56 0 1 0 0 112 56 56 0 1 0 0-112zM120 96A56 56 0 1 0 8 96a56 56 0 1 0 112 0z"
                        fill="currentColor"
                      />
                    </svg>
                    <span
                      class="MuiTouchRipple-root css-8je8zh-MuiTouchRipple-root"
                    />
                  </button>
                </td>
              </tr>
              <tr
                class="MuiTableRow-root MuiTableRow-hover tableRows css-1q1u3t4-MuiTableRow-root"
              >
                <td
                  class="MuiTableCell-root MuiTableCell-body MuiTableCell-sizeMedium tableCell css-1ex1afd-MuiTableCell-root"
                >
                  Garima
                </td>
                <td
                  class="MuiTableCell-root MuiTableCell-body MuiTableCell-sizeMedium tableCell css-1ex1afd-MuiTableCell-root"
                >
                  hpb
                </td>
                <td
                  class="MuiTableCell-root MuiTableCell-body MuiTableCell-sizeMedium tableCell css-1ex1afd-MuiTableCell-root"
                >
                  42 metro
                </td>
                <td
                  class="MuiTableCell-root MuiTableCell-body MuiTableCell-sizeMedium tableCell css-1ex1afd-MuiTableCell-root"
                >
                  55-56 metro
                </td>
                <td
                  class="MuiTableCell-root MuiTableCell-body MuiTableCell-sizeMedium tableCell css-1ex1afd-MuiTableCell-root"
                >
                  9:30
                </td>
                <td
                  class="MuiTableCell-root MuiTableCell-body MuiTableCell-alignLeft MuiTableCell-sizeMedium chip css-1ex1afd-MuiTableCell-root"
                >
                  <div
                    class="MuiChip-root MuiChip-filled MuiChip-sizeSmall MuiChip-colorPrimary MuiChip-filledPrimary css-174hymm-MuiChip-root"
                  >
                    <span
                      class="MuiChip-label MuiChip-labelSmall css-wjsjww-MuiChip-label"
                    >
                      Approved
                    </span>
                  </div>
                </td>
                <td
                  class="MuiTableCell-root MuiTableCell-body MuiTableCell-alignJustify MuiTableCell-sizeMedium css-90oupa-MuiTableCell-root"
                >
                  <button
                    aria-label="Example"
                    class="MuiButtonBase-root MuiIconButton-root MuiIconButton-sizeMedium css-78trlr-MuiButtonBase-root-MuiIconButton-root"
                    tabindex="0"
                    type="button"
                  >
                    <svg
                      aria-hidden="true"
                      class="svg-inline--fa fa-ellipsis-vertical "
                      data-icon="ellipsis-vertical"
                      data-prefix="fas"
                      focusable="false"
                      role="img"
                      viewBox="0 0 128 512"
                      xmlns="http://www.w3.org/2000/svg"
                    >
                      <path
                        d="M64 360a56 56 0 1 0 0 112 56 56 0 1 0 0-112zm0-160a56 56 0 1 0 0 112 56 56 0 1 0 0-112zM120 96A56 56 0 1 0 8 96a56 56 0 1 0 112 0z"
                        fill="currentColor"
                      />
                    </svg>
                    <span
                      class="MuiTouchRipple-root css-8je8zh-MuiTouchRipple-root"
                    />
                  </button>
                </td>
              </tr>
              <tr
                class="MuiTableRow-root MuiTableRow-hover tableRows css-1q1u3t4-MuiTableRow-root"
              >
                <td
                  class="MuiTableCell-root MuiTableCell-body MuiTableCell-sizeMedium tableCell css-1ex1afd-MuiTableCell-root"
                >
                  Vikram
                </td>
                <td
                  class="MuiTableCell-root MuiTableCell-body MuiTableCell-sizeMedium tableCell css-1ex1afd-MuiTableCell-root"
                >
                  hpb
                </td>
                <td
                  class="MuiTableCell-root MuiTableCell-body MuiTableCell-sizeMedium tableCell css-1ex1afd-MuiTableCell-root"
                >
                  42 metro
                </td>
                <td
                  class="MuiTableCell-root MuiTableCell-body MuiTableCell-sizeMedium tableCell css-1ex1afd-MuiTableCell-root"
                >
                  55-56 metro
                </td>
                <td
                  class="MuiTableCell-root MuiTableCell-body MuiTableCell-sizeMedium tableCell css-1ex1afd-MuiTableCell-root"
                >
                  9:30
                </td>
                <td
                  class="MuiTableCell-root MuiTableCell-body MuiTableCell-alignLeft MuiTableCell-sizeMedium chip css-1ex1afd-MuiTableCell-root"
                >
                  <div
                    class="MuiChip-root MuiChip-filled MuiChip-sizeSmall MuiChip-colorError MuiChip-filledError css-lwe8th-MuiChip-root"
                  >
                    <span
                      class="MuiChip-label MuiChip-labelSmall css-wjsjww-MuiChip-label"
                    >
                      Rejected
                    </span>
                  </div>
                </td>
                <td
                  class="MuiTableCell-root MuiTableCell-body MuiTableCell-alignJustify MuiTableCell-sizeMedium css-90oupa-MuiTableCell-root"
                >
                  <button
                    aria-label="Example"
                    class="MuiButtonBase-root MuiIconButton-root MuiIconButton-sizeMedium css-78trlr-MuiButtonBase-root-MuiIconButton-root"
                    tabindex="0"
                    type="button"
                  >
                    <svg
                      aria-hidden="true"
                      class="svg-inline--fa fa-ellipsis-vertical "
                      data-icon="ellipsis-vertical"
                      data-prefix="fas"
                      focusable="false"
                      role="img"
                      viewBox="0 0 128 512"
                      xmlns="http://www.w3.org/2000/svg"
                    >
                      <path
                        d="M64 360a56 56 0 1 0 0 112 56 56 0 1 0 0-112zm0-160a56 56 0 1 0 0 112 56 56 0 1 0 0-112zM120 96A56 56 0 1 0 8 96a56 56 0 1 0 112 0z"
                        fill="currentColor"
                      />
                    </svg>
                    <span
                      class="MuiTouchRipple-root css-8je8zh-MuiTouchRipple-root"
                    />
                  </button>
                </td>
              </tr>
              <tr
                class="MuiTableRow-root MuiTableRow-hover tableRows css-1q1u3t4-MuiTableRow-root"
              >
                <td
                  class="MuiTableCell-root MuiTableCell-body MuiTableCell-sizeMedium tableCell css-1ex1afd-MuiTableCell-root"
                >
                  Manisha
                </td>
                <td
                  class="MuiTableCell-root MuiTableCell-body MuiTableCell-sizeMedium tableCell css-1ex1afd-MuiTableCell-root"
                >
                  hpb
                </td>
                <td
                  class="MuiTableCell-root MuiTableCell-body MuiTableCell-sizeMedium tableCell css-1ex1afd-MuiTableCell-root"
                >
                  42 metro
                </td>
                <td
                  class="MuiTableCell-root MuiTableCell-body MuiTableCell-sizeMedium tableCell css-1ex1afd-MuiTableCell-root"
                >
                  55-56 metro
                </td>
                <td
                  class="MuiTableCell-root MuiTableCell-body MuiTableCell-sizeMedium tableCell css-1ex1afd-MuiTableCell-root"
                >
                  9:30
                </td>
                <td
                  class="MuiTableCell-root MuiTableCell-body MuiTableCell-alignLeft MuiTableCell-sizeMedium chip css-1ex1afd-MuiTableCell-root"
                >
                  <div
                    class="MuiChip-root MuiChip-filled MuiChip-sizeSmall MuiChip-colorPrimary MuiChip-filledPrimary css-174hymm-MuiChip-root"
                  >
                    <span
                      class="MuiChip-label MuiChip-labelSmall css-wjsjww-MuiChip-label"
                    >
                      Approved
                    </span>
                  </div>
                </td>
                <td
                  class="MuiTableCell-root MuiTableCell-body MuiTableCell-alignJustify MuiTableCell-sizeMedium css-90oupa-MuiTableCell-root"
                >
                  <button
                    aria-label="Example"
                    class="MuiButtonBase-root MuiIconButton-root MuiIconButton-sizeMedium css-78trlr-MuiButtonBase-root-MuiIconButton-root"
                    tabindex="0"
                    type="button"
                  >
                    <svg
                      aria-hidden="true"
                      class="svg-inline--fa fa-ellipsis-vertical "
                      data-icon="ellipsis-vertical"
                      data-prefix="fas"
                      focusable="false"
                      role="img"
                      viewBox="0 0 128 512"
                      xmlns="http://www.w3.org/2000/svg"
                    >
                      <path
                        d="M64 360a56 56 0 1 0 0 112 56 56 0 1 0 0-112zm0-160a56 56 0 1 0 0 112 56 56 0 1 0 0-112zM120 96A56 56 0 1 0 8 96a56 56 0 1 0 112 0z"
                        fill="currentColor"
                      />
                    </svg>
                    <span
                      class="MuiTouchRipple-root css-8je8zh-MuiTouchRipple-root"
                    />
                  </button>
                </td>
              </tr>
              <tr
                class="MuiTableRow-root MuiTableRow-hover tableRows css-1q1u3t4-MuiTableRow-root"
              >
                <td
                  class="MuiTableCell-root MuiTableCell-body MuiTableCell-sizeMedium tableCell css-1ex1afd-MuiTableCell-root"
                >
                  KP
                </td>
                <td
                  class="MuiTableCell-root MuiTableCell-body MuiTableCell-sizeMedium tableCell css-1ex1afd-MuiTableCell-root"
                >
                  hpb
                </td>
                <td
                  class="MuiTableCell-root MuiTableCell-body MuiTableCell-sizeMedium tableCell css-1ex1afd-MuiTableCell-root"
                >
                  42 metro
                </td>
                <td
                  class="MuiTableCell-root MuiTableCell-body MuiTableCell-sizeMedium tableCell css-1ex1afd-MuiTableCell-root"
                >
                  55-56 metro
                </td>
                <td
                  class="MuiTableCell-root MuiTableCell-body MuiTableCell-sizeMedium tableCell css-1ex1afd-MuiTableCell-root"
                >
                  9:30
                </td>
                <td
                  class="MuiTableCell-root MuiTableCell-body MuiTableCell-alignLeft MuiTableCell-sizeMedium chip css-1ex1afd-MuiTableCell-root"
                >
                  <div
                    class="MuiChip-root MuiChip-filled MuiChip-sizeSmall MuiChip-colorError MuiChip-filledError css-lwe8th-MuiChip-root"
                  >
                    <span
                      class="MuiChip-label MuiChip-labelSmall css-wjsjww-MuiChip-label"
                    >
                      Rejected
                    </span>
                  </div>
                </td>
                <td
                  class="MuiTableCell-root MuiTableCell-body MuiTableCell-alignJustify MuiTableCell-sizeMedium css-90oupa-MuiTableCell-root"
                >
                  <button
                    aria-label="Example"
                    class="MuiButtonBase-root MuiIconButton-root MuiIconButton-sizeMedium css-78trlr-MuiButtonBase-root-MuiIconButton-root"
                    tabindex="0"
                    type="button"
                  >
                    <svg
                      aria-hidden="true"
                      class="svg-inline--fa fa-ellipsis-vertical "
                      data-icon="ellipsis-vertical"
                      data-prefix="fas"
                      focusable="false"
                      role="img"
                      viewBox="0 0 128 512"
                      xmlns="http://www.w3.org/2000/svg"
                    >
                      <path
                        d="M64 360a56 56 0 1 0 0 112 56 56 0 1 0 0-112zm0-160a56 56 0 1 0 0 112 56 56 0 1 0 0-112zM120 96A56 56 0 1 0 8 96a56 56 0 1 0 112 0z"
                        fill="currentColor"
                      />
                    </svg>
                    <span
                      class="MuiTouchRipple-root css-8je8zh-MuiTouchRipple-root"
                    />
                  </button>
                </td>
              </tr>
            </tbody>
          </table>
        </div>
        <div
          class="MuiTablePagination-root css-jtlhu6-MuiTablePagination-root"
        >
          <div
            class="MuiToolbar-root MuiToolbar-gutters MuiToolbar-regular MuiTablePagination-toolbar css-78c6dr-MuiToolbar-root-MuiTablePagination-toolbar"
          >
            <div
              class="MuiTablePagination-spacer css-1psng7p-MuiTablePagination-spacer"
            />
            <p
              class="MuiTablePagination-selectLabel css-pdct74-MuiTablePagination-selectLabel"
              id=":r1:"
            >
              Rows per page:
            </p>
            <div
              class="MuiInputBase-root MuiInputBase-colorPrimary css-16c50h-MuiInputBase-root-MuiTablePagination-select"
            >
              <div
                aria-expanded="false"
                aria-haspopup="listbox"
                aria-labelledby=":r1: :r0:"
                class="MuiSelect-select MuiTablePagination-select MuiSelect-standard MuiInputBase-input css-194a1fa-MuiSelect-select-MuiInputBase-input"
                id=":r0:"
                role="button"
                tabindex="0"
              >
                10
              </div>
              <input
                aria-hidden="true"
                aria-invalid="false"
                class="MuiSelect-nativeInput css-yf8vq0-MuiSelect-nativeInput"
                tabindex="-1"
                value="10"
              />
              <svg
                aria-hidden="true"
                class="MuiSvgIcon-root MuiSvgIcon-fontSizeMedium MuiSelect-icon MuiTablePagination-selectIcon MuiSelect-iconStandard css-pqjvzy-MuiSvgIcon-root-MuiSelect-icon"
                data-testid="ArrowDropDownIcon"
                focusable="false"
                viewBox="0 0 24 24"
              >
                <path
                  d="M7 10l5 5 5-5z"
                />
              </svg>
            </div>
            <p
              class="MuiTablePagination-displayedRows css-levciy-MuiTablePagination-displayedRows"
            >
              1–10 of 18
            </p>
            <div
              class="MuiTablePagination-actions"
            >
              <button
                aria-label="Go to previous page"
                class="MuiButtonBase-root Mui-disabled MuiIconButton-root Mui-disabled MuiIconButton-colorInherit MuiIconButton-sizeMedium css-zylse7-MuiButtonBase-root-MuiIconButton-root"
                disabled=""
                tabindex="-1"
                title="Go to previous page"
                type="button"
              >
                <svg
                  aria-hidden="true"
                  class="MuiSvgIcon-root MuiSvgIcon-fontSizeMedium css-i4bv87-MuiSvgIcon-root"
                  data-testid="KeyboardArrowLeftIcon"
                  focusable="false"
                  viewBox="0 0 24 24"
                >
                  <path
                    d="M15.41 16.09l-4.58-4.59 4.58-4.59L14 5.5l-6 6 6 6z"
                  />
                </svg>
              </button>
              <button
                aria-label="Go to next page"
                class="MuiButtonBase-root MuiIconButton-root MuiIconButton-colorInherit MuiIconButton-sizeMedium css-zylse7-MuiButtonBase-root-MuiIconButton-root"
                tabindex="0"
                title="Go to next page"
                type="button"
              >
                <svg
                  aria-hidden="true"
                  class="MuiSvgIcon-root MuiSvgIcon-fontSizeMedium css-i4bv87-MuiSvgIcon-root"
                  data-testid="KeyboardArrowRightIcon"
                  focusable="false"
                  viewBox="0 0 24 24"
                >
                  <path
                    d="M8.59 16.34l4.58-4.59-4.58-4.59L10 5.75l6 6-6 6z"
                  />
                </svg>
                <span
                  class="MuiTouchRipple-root css-8je8zh-MuiTouchRipple-root"
                />
              </button>
            </div>
          </div>
        </div>
      </div>
      <div
        class="downloadContainer MuiBox-root css-0"
      >
        <span>
          Export Requests Report
        </span>
        <button
          class="MuiButtonBase-root MuiButton-root MuiButton-contained MuiButton-containedPrimary MuiButton-sizeMedium MuiButton-containedSizeMedium MuiButton-root MuiButton-contained MuiButton-containedPrimary MuiButton-sizeMedium MuiButton-containedSizeMedium downloadButton css-sghohy-MuiButtonBase-root-MuiButton-root"
          tabindex="0"
          type="button"
        >
          Download 
          <svg
            aria-hidden="true"
            class="MuiSvgIcon-root MuiSvgIcon-fontSizeMedium css-i4bv87-MuiSvgIcon-root"
            data-testid="GetAppIcon"
            focusable="false"
            viewBox="0 0 24 24"
          >
            <path
              d="M19 9h-4V3H9v6H5l7 7 7-7zM5 18v2h14v-2H5z"
            />
          </svg>
          <span
            class="MuiTouchRipple-root css-8je8zh-MuiTouchRipple-root"
          />
        </button>
      </div>
    </div>
  </div>
</body>
`;
